Your environment has been set up for using Node.js 12.18.4 (x64) and npm.

C:\Users\aashi>cd C:\Users\aashi\Documents\GitHub Desktop\Restaurant-Menu

C:\Users\aashi\Documents\GitHub Desktop\Restaurant-Menu>npm init -y
Wrote to C:\Users\aashi\Documents\GitHub Desktop\Restaurant-Menu\package.json:

{
  "name": "Restaurant-Menu",
  "version": "1.0.0",
  "description": "",
  "main": "main.js",
  "scripts": {
    "test": "echo \"Error: no test specified\" && exit 1"
  },
  "repository": {
    "type": "git",
    "url": "git+https://github.com/aashish22bansal/Restaurant-Menu.git"
  },
  "keywords": [],
  "author": "",
  "license": "ISC",
  "bugs": {
    "url": "https://github.com/aashish22bansal/Restaurant-Menu/issues"
  },
  "homepage": "https://github.com/aashish22bansal/Restaurant-Menu#readme"
}



C:\Users\aashi\Documents\GitHub Desktop\Restaurant-Menu>npm install express@4.17.1 ejs@3.1.2

> ejs@3.1.2 postinstall C:\Users\aashi\Documents\GitHub Desktop\Restaurant-Menu\node_modules\ejs
> node --harmony ./postinstall.js

Thank you for installing EJS: built with the Jake JavaScript build tool (https://jakejs.com/)

npm notice created a lockfile as package-lock.json. You should commit this file.
npm WARN Restaurant-Menu@1.0.0 No description

+ ejs@3.1.2
+ express@4.17.1
added 65 packages from 44 contributors and audited 65 packages in 4.972s
found 0 vulnerabilities


C:\Users\aashi\Documents\GitHub Desktop\Restaurant-Menu>npm install nodemon@2.0.3  --save-dev

> nodemon@2.0.3 postinstall C:\Users\aashi\Documents\GitHub Desktop\Restaurant-Menu\node_modules\nodemon
> node bin/postinstall || exit 0

Love nodemon? You can now support the project via the open collective:
 > https://opencollective.com/nodemon/donate

npm WARN optional SKIPPING OPTIONAL DEPENDENCY: fsevents@~2.1.2 (node_modules\chokidar\node_modules\fsevents):
npm WARN notsup SKIPPING OPTIONAL DEPENDENCY: Unsupported platform for fsevents@2.1.3: wanted {"os":"darwin","arch":"any"} (current: {"os":"win32","arch":"x64"})
npm WARN Restaurant-Menu@1.0.0 No description

+ nodemon@2.0.3
added 117 packages from 52 contributors and audited 183 packages in 7.946s

9 packages are looking for funding
  run `npm fund` for details

found 0 vulnerabilities


C:\Users\aashi\Documents\GitHub Desktop\Restaurant-Menu>nodemon index.js
'nodemon' is not recognized as an internal or external command,
operable program or batch file.

C:\Users\aashi\Documents\GitHub Desktop\Restaurant-Menu>node index.js
server started on port 3000
^C
C:\Users\aashi\Documents\GitHub Desktop\Restaurant-Menu>npm install -g nodemon
C:\Users\aashi\AppData\Roaming\npm\nodemon -> C:\Users\aashi\AppData\Roaming\npm\node_modules\nodemon\bin\nodemon.js

> nodemon@2.0.6 postinstall C:\Users\aashi\AppData\Roaming\npm\node_modules\nodemon
> node bin/postinstall || exit 0

npm WARN optional SKIPPING OPTIONAL DEPENDENCY: fsevents@~2.1.2 (node_modules\nodemon\node_modules\chokidar\node_modules\fsevents):
npm WARN notsup SKIPPING OPTIONAL DEPENDENCY: Unsupported platform for fsevents@2.1.3: wanted {"os":"darwin","arch":"any"} (current: {"os":"win32","arch":"x64"})

+ nodemon@2.0.6
added 119 packages from 53 contributors in 5.951s

C:\Users\aashi\Documents\GitHub Desktop\Restaurant-Menu>nodemon index.js
[nodemon] 2.0.6
[nodemon] to restart at any time, enter `rs`
[nodemon] watching path(s): *.*
[nodemon] watching extensions: js,mjs,json
[nodemon] starting `node index.js`
server started on port 3000
[nodemon] restarting due to changes...
[nodemon] starting `node index.js`
server started on port 3000
[nodemon] restarting due to changes...
[nodemon] starting `node index.js`
server started on port 3000
[nodemon] restarting due to changes...
[nodemon] starting `node index.js`
server started on port 3000
[nodemon] restarting due to changes...
[nodemon] starting `node index.js`
server started on port 3000
[nodemon] restarting due to changes...
[nodemon] starting `node index.js`
server started on port 3000
[nodemon] restarting due to changes...
[nodemon] starting `node index.js`
C:\Users\aashi\Documents\GitHub Desktop\Restaurant-Menu\index.js:5
app.use(express.static(path.join(__dirname, "public")));
                       ^

ReferenceError: path is not defined
    at Object.<anonymous> (C:\Users\aashi\Documents\GitHub Desktop\Restaurant-Menu\index.js:5:24)
    at Module._compile (internal/modules/cjs/loader.js:1137:30)
    at Object.Module._extensions..js (internal/modules/cjs/loader.js:1157:10)
    at Module.load (internal/modules/cjs/loader.js:985:32)
    at Function.Module._load (internal/modules/cjs/loader.js:878:14)
    at Function.executeUserEntryPoint [as runMain] (internal/modules/run_main.js:71:12)
    at internal/main/run_main_module.js:17:47
[nodemon] app crashed - waiting for file changes before starting...
^CTerminate batch job (Y/N)? Y

C:\Users\aashi\Documents\GitHub Desktop\Restaurant-Menu>nodemon index.js
[nodemon] 2.0.6
[nodemon] to restart at any time, enter `rs`
[nodemon] watching path(s): *.*
[nodemon] watching extensions: js,mjs,json
[nodemon] starting `node index.js`
C:\Users\aashi\Documents\GitHub Desktop\Restaurant-Menu\index.js:5
app.use(express.static(path.join(__dirname, "public")));
                       ^

ReferenceError: path is not defined
    at Object.<anonymous> (C:\Users\aashi\Documents\GitHub Desktop\Restaurant-Menu\index.js:5:24)
    at Module._compile (internal/modules/cjs/loader.js:1137:30)
    at Object.Module._extensions..js (internal/modules/cjs/loader.js:1157:10)
    at Module.load (internal/modules/cjs/loader.js:985:32)
    at Function.Module._load (internal/modules/cjs/loader.js:878:14)
    at Function.executeUserEntryPoint [as runMain] (internal/modules/run_main.js:71:12)
    at internal/main/run_main_module.js:17:47
[nodemon] app crashed - waiting for file changes before starting...
^CTerminate batch job (Y/N)? Y

C:\Users\aashi\Documents\GitHub Desktop\Restaurant-Menu>Y
'Y' is not recognized as an internal or external command,
operable program or batch file.

C:\Users\aashi\Documents\GitHub Desktop\Restaurant-Menu>nodemon index.js
[nodemon] 2.0.6
[nodemon] to restart at any time, enter `rs`
[nodemon] watching path(s): *.*
[nodemon] watching extensions: js,mjs,json
[nodemon] starting `node index.js`
C:\Users\aashi\Documents\GitHub Desktop\Restaurant-Menu\index.js:2
const express = require("path");
      ^

SyntaxError: Identifier 'express' has already been declared
    at wrapSafe (internal/modules/cjs/loader.js:1053:16)
    at Module._compile (internal/modules/cjs/loader.js:1101:27)
    at Object.Module._extensions..js (internal/modules/cjs/loader.js:1157:10)
    at Module.load (internal/modules/cjs/loader.js:985:32)
    at Function.Module._load (internal/modules/cjs/loader.js:878:14)
    at Function.executeUserEntryPoint [as runMain] (internal/modules/run_main.js:71:12)
    at internal/main/run_main_module.js:17:47
[nodemon] app crashed - waiting for file changes before starting...
^CTerminate batch job (Y/N)? Y

C:\Users\aashi\Documents\GitHub Desktop\Restaurant-Menu>node index.ejs
internal/modules/cjs/loader.js:968
  throw err;
  ^

Error: Cannot find module 'C:\Users\aashi\Documents\GitHub Desktop\Restaurant-Menu\index.ejs'
[90m    at Function.Module._resolveFilename (internal/modules/cjs/loader.js:965:15)[39m
[90m    at Function.Module._load (internal/modules/cjs/loader.js:841:27)[39m
[90m    at Function.executeUserEntryPoint [as runMain] (internal/modules/run_main.js:71:12)[39m
[90m    at internal/main/run_main_module.js:17:47[39m {
  code: [32m'MODULE_NOT_FOUND'[39m,
  requireStack: []
}

C:\Users\aashi\Documents\GitHub Desktop\Restaurant-Menu>npm install -g path
+ path@0.12.7
added 4 packages from 2 contributors in 0.863s

C:\Users\aashi\Documents\GitHub Desktop\Restaurant-Menu>nodemon index.js
[nodemon] 2.0.6
[nodemon] to restart at any time, enter `rs`
[nodemon] watching path(s): *.*
[nodemon] watching extensions: js,mjs,json
[nodemon] starting `node index.js`
server started on port 3000
[nodemon] restarting due to changes...
[nodemon] starting `node index.js`
C:\Users\aashi\Documents\GitHub Desktop\Restaurant-Menu\index.js:16
index.js
^

ReferenceError: index is not defined
    at Object.<anonymous> (C:\Users\aashi\Documents\GitHub Desktop\Restaurant-Menu\index.js:16:1)
    at Module._compile (internal/modules/cjs/loader.js:1137:30)
    at Object.Module._extensions..js (internal/modules/cjs/loader.js:1157:10)
    at Module.load (internal/modules/cjs/loader.js:985:32)
    at Function.Module._load (internal/modules/cjs/loader.js:878:14)
    at Function.executeUserEntryPoint [as runMain] (internal/modules/run_main.js:71:12)
    at internal/main/run_main_module.js:17:47
[nodemon] app crashed - waiting for file changes before starting...
[nodemon] restarting due to changes...
[nodemon] starting `node index.js`
server started on port 3000
[nodemon] restarting due to changes...
[nodemon] starting `node index.js`
server started on port 3000
[nodemon] restarting due to changes...
[nodemon] starting `node index.js`
server started on port 3000
